Archive member included to satisfy reference by file (symbol)

c:/intelfpga_lite/17.0/nios2eds/bin/gnu/h-x86_64-mingw32/bin/../lib/gcc/nios2-elf/5.3.0/../../../../../H-x86_64-mingw32/nios2-elf/lib\libsmallc.a(lib_a-memcpy.o)
                              obj/default/ringbuf.o (memcpy)
c:/intelfpga_lite/17.0/nios2eds/bin/gnu/h-x86_64-mingw32/bin/../lib/gcc/nios2-elf/5.3.0/../../../../../H-x86_64-mingw32/nios2-elf/lib\libsmallc.a(lib_a-memset.o)
                              obj/default/worker2.o (memset)
../worker2_bsp/\libhal_bsp.a(alt_load.o)
                              ../worker2_bsp//obj/HAL/src/crt0.o (alt_load)
../worker2_bsp/\libhal_bsp.a(alt_main.o)
                              ../worker2_bsp//obj/HAL/src/crt0.o (alt_main)
../worker2_bsp/\libhal_bsp.a(alt_usleep.o)
                              obj/default/worker2.o (usleep)
../worker2_bsp/\libhal_bsp.a(alt_sys_init.o)
                              ../worker2_bsp/\libhal_bsp.a(alt_main.o) (alt_irq_init)
../worker2_bsp/\libhal_bsp.a(altera_avalon_fifo_util.o)
                              obj/default/worker2.o (altera_avalon_fifo_init)
../worker2_bsp/\libhal_bsp.a(altera_avalon_mutex.o)
                              obj/default/worker2.o (altera_avalon_mutex_open)
../worker2_bsp/\libhal_bsp.a(alt_busy_sleep.o)
                              ../worker2_bsp/\libhal_bsp.a(alt_usleep.o) (alt_busy_sleep)
../worker2_bsp/\libhal_bsp.a(alt_dcache_flush_all.o)
                              ../worker2_bsp/\libhal_bsp.a(alt_load.o) (alt_dcache_flush_all)
../worker2_bsp/\libhal_bsp.a(alt_dev_llist_insert.o)
                              ../worker2_bsp/\libhal_bsp.a(alt_sys_init.o) (alt_dev_llist_insert)
../worker2_bsp/\libhal_bsp.a(alt_errno.o)
                              ../worker2_bsp/\libhal_bsp.a(altera_avalon_mutex.o) (alt_errno)
../worker2_bsp/\libhal_bsp.a(alt_find_dev.o)
                              ../worker2_bsp/\libhal_bsp.a(altera_avalon_mutex.o) (alt_find_dev)
../worker2_bsp/\libhal_bsp.a(alt_icache_flush_all.o)
                              ../worker2_bsp/\libhal_bsp.a(alt_load.o) (alt_icache_flush_all)
../worker2_bsp/\libhal_bsp.a(altera_nios2_gen2_irq.o)
                              ../worker2_bsp/\libhal_bsp.a(alt_sys_init.o) (altera_nios2_gen2_irq_init)
../worker2_bsp/\libhal_bsp.a(alt_icache_flush.o)
                              ../worker2_bsp/\libhal_bsp.a(alt_icache_flush_all.o) (alt_icache_flush)
c:/intelfpga_lite/17.0/nios2eds/bin/gnu/h-x86_64-mingw32/bin/../lib/gcc/nios2-elf/5.3.0/../../../../../H-x86_64-mingw32/nios2-elf/lib\libsmallc.a(lib_a-int_errno.o)
                              ../worker2_bsp/\libhal_bsp.a(altera_avalon_mutex.o) (errno)
c:/intelfpga_lite/17.0/nios2eds/bin/gnu/h-x86_64-mingw32/bin/../lib/gcc/nios2-elf/5.3.0/../../../../../H-x86_64-mingw32/nios2-elf/lib\libsmallc.a(lib_a-memcmp.o)
                              ../worker2_bsp/\libhal_bsp.a(alt_find_dev.o) (memcmp)
c:/intelfpga_lite/17.0/nios2eds/bin/gnu/h-x86_64-mingw32/bin/../lib/gcc/nios2-elf/5.3.0/../../../../../H-x86_64-mingw32/nios2-elf/lib\libsmallc.a(lib_a-strlen.o)
                              ../worker2_bsp/\libhal_bsp.a(alt_find_dev.o) (strlen)
c:/intelfpga_lite/17.0/nios2eds/bin/gnu/h-x86_64-mingw32/bin/../lib/gcc/nios2-elf/5.3.0\libgcc.a(lib2-divmod.o)
                              ../worker2_bsp/\libhal_bsp.a(alt_busy_sleep.o) (__udivsi3)

Allocating common symbols
Common symbol       size              file

errno               0x4               c:/intelfpga_lite/17.0/nios2eds/bin/gnu/h-x86_64-mingw32/bin/../lib/gcc/nios2-elf/5.3.0/../../../../../H-x86_64-mingw32/nios2-elf/lib\libsmallc.a(lib_a-int_errno.o)
mutex               0x4               obj/default/worker2.o

Memory Configuration

Name             Origin             Length             Attributes
shared_ocm       0x0000000010001000 0x0000000000000400
reset            0x0000000014004000 0x0000000000000020
sdram            0x0000000014004020 0x0000000000001fe0
shared_sdram     0x0000000014108000 0x0000000001ef8000
*default*        0x0000000000000000 0xffffffffffffffff

Linker script and memory map

LOAD ../worker2_bsp//obj/HAL/src/crt0.o
LOAD obj/default/ringbuf.o
LOAD obj/default/worker2.o
LOAD c:/intelfpga_lite/17.0/nios2eds/bin/gnu/h-x86_64-mingw32/bin/../lib/gcc/nios2-elf/5.3.0/../../../../../H-x86_64-mingw32/nios2-elf/lib\libstdc++.a
LOAD c:/intelfpga_lite/17.0/nios2eds/bin/gnu/h-x86_64-mingw32/bin/../lib/gcc/nios2-elf/5.3.0/../../../../../H-x86_64-mingw32/nios2-elf/lib\libm.a
LOAD c:/intelfpga_lite/17.0/nios2eds/bin/gnu/h-x86_64-mingw32/bin/../lib/gcc/nios2-elf/5.3.0\libgcc.a
START GROUP
LOAD c:/intelfpga_lite/17.0/nios2eds/bin/gnu/h-x86_64-mingw32/bin/../lib/gcc/nios2-elf/5.3.0/../../../../../H-x86_64-mingw32/nios2-elf/lib\libsmallc.a
LOAD c:/intelfpga_lite/17.0/nios2eds/bin/gnu/h-x86_64-mingw32/bin/../lib/gcc/nios2-elf/5.3.0\libgcc.a
LOAD ../worker2_bsp/\libhal_bsp.a
LOAD c:/intelfpga_lite/17.0/nios2eds/bin/gnu/h-x86_64-mingw32/bin/../lib/gcc/nios2-elf/5.3.0/../../../../../H-x86_64-mingw32/nios2-elf/lib\libm.a
END GROUP
LOAD c:/intelfpga_lite/17.0/nios2eds/bin/gnu/h-x86_64-mingw32/bin/../lib/gcc/nios2-elf/5.3.0\libgcc.a
                0x0000000010001000                __alt_mem_shared_ocm = 0x10001000
                0x0000000014000000                __alt_mem_sdram = 0x14000000

.entry          0x0000000014004000       0x20
 *(.entry)
 .entry         0x0000000014004000       0x20 ../worker2_bsp//obj/HAL/src/crt0.o
                0x0000000014004000                __reset
                0x000000001400401c                _exit

.exceptions     0x0000000014004020        0x0
                0x0000000014004020                PROVIDE (__ram_exceptions_start, ABSOLUTE (.))
                0x0000000014004020                . = ALIGN (0x20)
 *(.irq)
 *(.exceptions.entry.label)
 *(.exceptions.entry.user)
 *(.exceptions.entry.ecc_fatal)
 *(.exceptions.entry)
 *(.exceptions.irqtest.user)
 *(.exceptions.irqtest)
 *(.exceptions.irqhandler.user)
 *(.exceptions.irqhandler)
 *(.exceptions.irqreturn.user)
 *(.exceptions.irqreturn)
 *(.exceptions.notirq.label)
 *(.exceptions.notirq.user)
 *(.exceptions.notirq)
 *(.exceptions.soft.user)
 *(.exceptions.soft)
 *(.exceptions.unknown.user)
 *(.exceptions.unknown)
 *(.exceptions.exit.label)
 *(.exceptions.exit.user)
 *(.exceptions.exit)
 *(.exceptions)
                0x0000000014004020                PROVIDE (__ram_exceptions_end, ABSOLUTE (.))
                0x0000000014004020                PROVIDE (__flash_exceptions_start, LOADADDR (.exceptions))

.text           0x0000000014004020      0xcac
                [!provide]                        PROVIDE (stext, ABSOLUTE (.))
 *(.interp)
 *(.hash)
 *(.dynsym)
 *(.dynstr)
 *(.gnu.version)
 *(.gnu.version_d)
 *(.gnu.version_r)
 *(.rel.init)
 *(.rela.init)
 *(.rel.text .rel.text.* .rel.gnu.linkonce.t.*)
 *(.rela.text .rela.text.* .rela.gnu.linkonce.t.*)
 *(.rel.fini)
 *(.rela.fini)
 *(.rel.rodata .rel.rodata.* .rel.gnu.linkonce.r.*)
 *(.rela.rodata .rela.rodata.* .rela.gnu.linkonce.r.*)
 *(.rel.data .rel.data.* .rel.gnu.linkonce.d.*)
 *(.rela.data .rela.data.* .rela.gnu.linkonce.d.*)
 *(.rel.tdata .rel.tdata.* .rel.gnu.linkonce.td.*)
 *(.rela.tdata .rela.tdata.* .rela.gnu.linkonce.td.*)
 *(.rel.tbss .rel.tbss.* .rel.gnu.linkonce.tb.*)
 *(.rela.tbss .rela.tbss.* .rela.gnu.linkonce.tb.*)
 *(.rel.ctors)
 *(.rela.ctors)
 *(.rel.dtors)
 *(.rela.dtors)
 *(.rel.got)
 *(.rela.got)
 *(.rel.sdata .rel.sdata.* .rel.gnu.linkonce.s.*)
 *(.rela.sdata .rela.sdata.* .rela.gnu.linkonce.s.*)
 *(.rel.sbss .rel.sbss.* .rel.gnu.linkonce.sb.*)
 *(.rela.sbss .rela.sbss.* .rela.gnu.linkonce.sb.*)
 *(.rel.sdata2 .rel.sdata2.* .rel.gnu.linkonce.s2.*)
 *(.rela.sdata2 .rela.sdata2.* .rela.gnu.linkonce.s2.*)
 *(.rel.sbss2 .rel.sbss2.* .rel.gnu.linkonce.sb2.*)
 *(.rela.sbss2 .rela.sbss2.* .rela.gnu.linkonce.sb2.*)
 *(.rel.bss .rel.bss.* .rel.gnu.linkonce.b.*)
 *(.rela.bss .rela.bss.* .rela.gnu.linkonce.b.*)
 *(.rel.plt)
 *(.rela.plt)
 *(.rel.dyn)
 *(.init)
 *(.plt)
 *(.text .stub .text.* .gnu.linkonce.t.*)
 .text          0x0000000014004020       0x4c ../worker2_bsp//obj/HAL/src/crt0.o
                0x0000000014004020                _start
 .text          0x000000001400406c      0x164 obj/default/ringbuf.o
                0x000000001400406c                ringbuf_init
                0x000000001400409c                ringbuf_enqueue
                0x0000000014004124                ringbuf_dequeue
 .text          0x00000000140041d0       0x28 obj/default/worker2.o
                0x00000000140041d0                _fp_mult
 .text.startup  0x00000000140041f8      0x2cc obj/default/worker2.o
                0x00000000140041f8                main
 .text          0x00000000140044c4        0x0 c:/intelfpga_lite/17.0/nios2eds/bin/gnu/h-x86_64-mingw32/bin/../lib/gcc/nios2-elf/5.3.0/../../../../../H-x86_64-mingw32/nios2-elf/lib\libsmallc.a(lib_a-memcpy.o)
 .text.memcpy   0x00000000140044c4       0x28 c:/intelfpga_lite/17.0/nios2eds/bin/gnu/h-x86_64-mingw32/bin/../lib/gcc/nios2-elf/5.3.0/../../../../../H-x86_64-mingw32/nios2-elf/lib\libsmallc.a(lib_a-memcpy.o)
                0x00000000140044c4                memcpy
 .text          0x00000000140044ec        0x0 c:/intelfpga_lite/17.0/nios2eds/bin/gnu/h-x86_64-mingw32/bin/../lib/gcc/nios2-elf/5.3.0/../../../../../H-x86_64-mingw32/nios2-elf/lib\libsmallc.a(lib_a-memset.o)
 .text.memset   0x00000000140044ec       0x20 c:/intelfpga_lite/17.0/nios2eds/bin/gnu/h-x86_64-mingw32/bin/../lib/gcc/nios2-elf/5.3.0/../../../../../H-x86_64-mingw32/nios2-elf/lib\libsmallc.a(lib_a-memset.o)
                0x00000000140044ec                memset
 .text          0x000000001400450c       0xe0 ../worker2_bsp/\libhal_bsp.a(alt_load.o)
                0x000000001400450c                alt_load
 .text          0x00000000140045ec       0x2c ../worker2_bsp/\libhal_bsp.a(alt_main.o)
                0x00000000140045ec                alt_main
 .text          0x0000000014004618        0x4 ../worker2_bsp/\libhal_bsp.a(alt_usleep.o)
                0x0000000014004618                usleep
 .text          0x000000001400461c       0x30 ../worker2_bsp/\libhal_bsp.a(alt_sys_init.o)
                0x000000001400461c                alt_irq_init
                0x000000001400463c                alt_sys_init
 .text          0x000000001400464c      0x1d0 ../worker2_bsp/\libhal_bsp.a(altera_avalon_fifo_util.o)
                0x000000001400464c                altera_avalon_fifo_read_status
                0x0000000014004658                altera_avalon_fifo_read_ienable
                0x0000000014004664                altera_avalon_fifo_read_almostfull
                0x000000001400466c                altera_avalon_fifo_read_almostempty
                0x0000000014004674                altera_avalon_fifo_read_event
                0x0000000014004680                altera_avalon_fifo_read_level
                0x0000000014004688                altera_avalon_fifo_clear_event
                0x00000000140046a4                altera_avalon_fifo_write_ienable
                0x00000000140046c0                altera_avalon_fifo_write_almostfull
                0x00000000140046dc                altera_avalon_fifo_write_almostempty
                0x00000000140046f8                altera_avalon_fifo_init
                0x0000000014004790                altera_avalon_fifo_write_fifo
                0x00000000140047ac                altera_avalon_read_fifo
                0x00000000140047d4                altera_avalon_fifo_read_fifo
                0x00000000140047f0                altera_avalon_fifo_write_other_info
                0x000000001400480c                altera_avalon_fifo_read_other_info
                0x0000000014004814                altera_avalon_fifo_read_backpressure
 .text          0x000000001400481c       0xf4 ../worker2_bsp/\libhal_bsp.a(altera_avalon_mutex.o)
                0x000000001400481c                altera_avalon_mutex_open
                0x0000000014004868                altera_avalon_mutex_close
                0x000000001400486c                altera_avalon_mutex_lock
                0x0000000014004890                altera_avalon_mutex_trylock
                0x00000000140048b8                altera_avalon_mutex_unlock
                0x00000000140048d8                altera_avalon_mutex_is_mine
                0x0000000014004900                altera_avalon_mutex_first_lock
 .text          0x0000000014004910       0x78 ../worker2_bsp/\libhal_bsp.a(alt_busy_sleep.o)
                0x0000000014004910                alt_busy_sleep
 .text          0x0000000014004988       0x18 ../worker2_bsp/\libhal_bsp.a(alt_dcache_flush_all.o)
                0x0000000014004988                alt_dcache_flush_all
 .text          0x00000000140049a0       0x6c ../worker2_bsp/\libhal_bsp.a(alt_dev_llist_insert.o)
                0x00000000140049a0                alt_dev_llist_insert
 .text          0x0000000014004a0c        0x0 ../worker2_bsp/\libhal_bsp.a(alt_errno.o)
 .text          0x0000000014004a0c       0x74 ../worker2_bsp/\libhal_bsp.a(alt_find_dev.o)
                0x0000000014004a0c                alt_find_dev
 .text          0x0000000014004a80        0xc ../worker2_bsp/\libhal_bsp.a(alt_icache_flush_all.o)
                0x0000000014004a80                alt_icache_flush_all
 .text          0x0000000014004a8c        0x8 ../worker2_bsp/\libhal_bsp.a(altera_nios2_gen2_irq.o)
                0x0000000014004a8c                altera_nios2_gen2_irq_init
 .text          0x0000000014004a94       0x38 ../worker2_bsp/\libhal_bsp.a(alt_icache_flush.o)
                0x0000000014004a94                alt_icache_flush
 .text          0x0000000014004acc        0x0 c:/intelfpga_lite/17.0/nios2eds/bin/gnu/h-x86_64-mingw32/bin/../lib/gcc/nios2-elf/5.3.0/../../../../../H-x86_64-mingw32/nios2-elf/lib\libsmallc.a(lib_a-int_errno.o)
 .text          0x0000000014004acc        0x0 c:/intelfpga_lite/17.0/nios2eds/bin/gnu/h-x86_64-mingw32/bin/../lib/gcc/nios2-elf/5.3.0/../../../../../H-x86_64-mingw32/nios2-elf/lib\libsmallc.a(lib_a-memcmp.o)
 .text.memcmp   0x0000000014004acc       0x30 c:/intelfpga_lite/17.0/nios2eds/bin/gnu/h-x86_64-mingw32/bin/../lib/gcc/nios2-elf/5.3.0/../../../../../H-x86_64-mingw32/nios2-elf/lib\libsmallc.a(lib_a-memcmp.o)
                0x0000000014004acc                memcmp
 .text          0x0000000014004afc        0x0 c:/intelfpga_lite/17.0/nios2eds/bin/gnu/h-x86_64-mingw32/bin/../lib/gcc/nios2-elf/5.3.0/../../../../../H-x86_64-mingw32/nios2-elf/lib\libsmallc.a(lib_a-strlen.o)
 .text.strlen   0x0000000014004afc       0x1c c:/intelfpga_lite/17.0/nios2eds/bin/gnu/h-x86_64-mingw32/bin/../lib/gcc/nios2-elf/5.3.0/../../../../../H-x86_64-mingw32/nios2-elf/lib\libsmallc.a(lib_a-strlen.o)
                0x0000000014004afc                strlen
 .text          0x0000000014004b18      0x1b4 c:/intelfpga_lite/17.0/nios2eds/bin/gnu/h-x86_64-mingw32/bin/../lib/gcc/nios2-elf/5.3.0\libgcc.a(lib2-divmod.o)
                0x0000000014004b18                __divsi3
                0x0000000014004b9c                __modsi3
                0x0000000014004c10                __udivsi3
                0x0000000014004c74                __umodsi3
 *(.gnu.warning.*)
 *(.fini)
                [!provide]                        PROVIDE (__etext, ABSOLUTE (.))
                [!provide]                        PROVIDE (_etext, ABSOLUTE (.))
                [!provide]                        PROVIDE (etext, ABSOLUTE (.))
 *(.eh_frame_hdr)
                0x0000000014004ccc                . = ALIGN (0x4)
                [!provide]                        PROVIDE (__preinit_array_start, ABSOLUTE (.))
 *(.preinit_array)
                [!provide]                        PROVIDE (__preinit_array_end, ABSOLUTE (.))
                [!provide]                        PROVIDE (__init_array_start, ABSOLUTE (.))
 *(.init_array)
                [!provide]                        PROVIDE (__init_array_end, ABSOLUTE (.))
                [!provide]                        PROVIDE (__fini_array_start, ABSOLUTE (.))
 *(.fini_array)
                [!provide]                        PROVIDE (__fini_array_end, ABSOLUTE (.))
 *(.eh_frame)
 *(.gcc_except_table .gcc_except_table.*)
 *(.dynamic)
                [!provide]                        PROVIDE (__CTOR_LIST__, ABSOLUTE (.))
 *(.ctors)
 *(SORT(.ctors.*))
                [!provide]                        PROVIDE (__CTOR_END__, ABSOLUTE (.))
                [!provide]                        PROVIDE (__DTOR_LIST__, ABSOLUTE (.))
 *(.dtors)
 *(SORT(.dtors.*))
                [!provide]                        PROVIDE (__DTOR_END__, ABSOLUTE (.))
 *(.jcr)
                0x0000000014004ccc                . = ALIGN (0x4)

.rodata         0x0000000014004ccc        0xc
                0x0000000014004ccc                PROVIDE (__ram_rodata_start, ABSOLUTE (.))
                0x0000000014004ccc                . = ALIGN (0x4)
 *(.rodata .rodata.* .gnu.linkonce.r.*)
 .rodata.str1.4
                0x0000000014004ccc        0xc obj/default/worker2.o
                                          0xb (size before relaxing)
 .rodata.str1.4
                0x0000000014004cd8        0xb ../worker2_bsp/\libhal_bsp.a(alt_sys_init.o)
 *(.rodata1)
                0x0000000014004ce4                . = ALIGN (0x4)
                0x0000000014004ce4                PROVIDE (__ram_rodata_end, ABSOLUTE (.))
                0x0000000014004ccc                PROVIDE (__flash_rodata_start, LOADADDR (.rodata))

.rwdata         0x0000000014004cd8       0x40 load address 0x0000000014004d18
                0x0000000014004cd8                PROVIDE (__ram_rwdata_start, ABSOLUTE (.))
                0x0000000014004cd8                . = ALIGN (0x4)
 *(.got.plt)
 *(.got)
 *(.data1)
 *(.data .data.* .gnu.linkonce.d.*)
 .data          0x0000000014004cd8        0x0 ../worker2_bsp//obj/HAL/src/crt0.o
 .data          0x0000000014004cd8        0x0 obj/default/ringbuf.o
 .data          0x0000000014004cd8        0x0 obj/default/worker2.o
 .data          0x0000000014004cd8        0x0 c:/intelfpga_lite/17.0/nios2eds/bin/gnu/h-x86_64-mingw32/bin/../lib/gcc/nios2-elf/5.3.0/../../../../../H-x86_64-mingw32/nios2-elf/lib\libsmallc.a(lib_a-memcpy.o)
 .data          0x0000000014004cd8        0x0 c:/intelfpga_lite/17.0/nios2eds/bin/gnu/h-x86_64-mingw32/bin/../lib/gcc/nios2-elf/5.3.0/../../../../../H-x86_64-mingw32/nios2-elf/lib\libsmallc.a(lib_a-memset.o)
 .data          0x0000000014004cd8        0x0 ../worker2_bsp/\libhal_bsp.a(alt_load.o)
 .data          0x0000000014004cd8        0x0 ../worker2_bsp/\libhal_bsp.a(alt_main.o)
 .data          0x0000000014004cd8        0x0 ../worker2_bsp/\libhal_bsp.a(alt_usleep.o)
 .data          0x0000000014004cd8       0x10 ../worker2_bsp/\libhal_bsp.a(alt_sys_init.o)
 .data          0x0000000014004ce8        0x0 ../worker2_bsp/\libhal_bsp.a(altera_avalon_fifo_util.o)
 .data          0x0000000014004ce8        0x0 ../worker2_bsp/\libhal_bsp.a(altera_avalon_mutex.o)
 .data          0x0000000014004ce8        0x0 ../worker2_bsp/\libhal_bsp.a(alt_busy_sleep.o)
 .data          0x0000000014004ce8        0x0 ../worker2_bsp/\libhal_bsp.a(alt_dcache_flush_all.o)
 .data          0x0000000014004ce8        0x0 ../worker2_bsp/\libhal_bsp.a(alt_dev_llist_insert.o)
 .data          0x0000000014004ce8        0x0 ../worker2_bsp/\libhal_bsp.a(alt_errno.o)
 .data          0x0000000014004ce8        0x0 ../worker2_bsp/\libhal_bsp.a(alt_find_dev.o)
 .data          0x0000000014004ce8        0x0 ../worker2_bsp/\libhal_bsp.a(alt_icache_flush_all.o)
 .data          0x0000000014004ce8        0x0 ../worker2_bsp/\libhal_bsp.a(altera_nios2_gen2_irq.o)
 .data          0x0000000014004ce8        0x0 ../worker2_bsp/\libhal_bsp.a(alt_icache_flush.o)
 .data          0x0000000014004ce8        0x0 c:/intelfpga_lite/17.0/nios2eds/bin/gnu/h-x86_64-mingw32/bin/../lib/gcc/nios2-elf/5.3.0/../../../../../H-x86_64-mingw32/nios2-elf/lib\libsmallc.a(lib_a-int_errno.o)
 .data          0x0000000014004ce8        0x0 c:/intelfpga_lite/17.0/nios2eds/bin/gnu/h-x86_64-mingw32/bin/../lib/gcc/nios2-elf/5.3.0/../../../../../H-x86_64-mingw32/nios2-elf/lib\libsmallc.a(lib_a-memcmp.o)
 .data          0x0000000014004ce8        0x0 c:/intelfpga_lite/17.0/nios2eds/bin/gnu/h-x86_64-mingw32/bin/../lib/gcc/nios2-elf/5.3.0/../../../../../H-x86_64-mingw32/nios2-elf/lib\libsmallc.a(lib_a-strlen.o)
 .data          0x0000000014004ce8        0x0 c:/intelfpga_lite/17.0/nios2eds/bin/gnu/h-x86_64-mingw32/bin/../lib/gcc/nios2-elf/5.3.0\libgcc.a(lib2-divmod.o)
                0x000000001400cce8                _gp = ABSOLUTE ((. + 0x8000))
                [!provide]                        PROVIDE (gp, _gp)
 *(.rwdata .rwdata.*)
 *(.sdata .sdata.* .gnu.linkonce.s.*)
 .sdata         0x0000000014004ce8       0x20 obj/default/worker2.o
                0x0000000014004ce8                heat_srcs
                0x0000000014004cec                nr_heat_src
                0x0000000014004cf0                matrix2
                0x0000000014004cf4                matrix1
                0x0000000014004cf8                c_y
                0x0000000014004cfc                c_x
                0x0000000014004d00                height
                0x0000000014004d04                width
 .sdata         0x0000000014004d08        0x4 ../worker2_bsp/\libhal_bsp.a(alt_sys_init.o)
                0x0000000014004d08                workers_jtag_uart_2
 .sdata         0x0000000014004d0c        0x8 ../worker2_bsp/\libhal_bsp.a(altera_avalon_mutex.o)
                0x0000000014004d0c                alt_mutex_list
 .sdata         0x0000000014004d14        0x4 ../worker2_bsp/\libhal_bsp.a(alt_errno.o)
                0x0000000014004d14                alt_errno
 *(.sdata2 .sdata2.* .gnu.linkonce.s2.*)
                0x0000000014004d18                . = ALIGN (0x4)
                0x0000000014004d18                _edata = ABSOLUTE (.)
                [!provide]                        PROVIDE (edata, ABSOLUTE (.))
                0x0000000014004d18                PROVIDE (__ram_rwdata_end, ABSOLUTE (.))
                0x0000000014004d18                PROVIDE (__flash_rwdata_start, LOADADDR (.rwdata))

.bss            0x0000000014004d58       0x14
                0x0000000014004d58                __bss_start = ABSOLUTE (.)
                [!provide]                        PROVIDE (__sbss_start, ABSOLUTE (.))
                [!provide]                        PROVIDE (___sbss_start, ABSOLUTE (.))
 *(.dynsbss)
 *(.sbss .sbss.* .gnu.linkonce.sb.*)
 .sbss          0x0000000014004d58        0x4 obj/default/worker2.o
                0x0000000014004d58                mutex
 .sbss          0x0000000014004d5c        0xc ../worker2_bsp/\libhal_bsp.a(alt_main.o)
                0x0000000014004d5c                alt_envp
                0x0000000014004d60                alt_argv
                0x0000000014004d64                alt_argc
 .sbss          0x0000000014004d68        0x4 c:/intelfpga_lite/17.0/nios2eds/bin/gnu/h-x86_64-mingw32/bin/../lib/gcc/nios2-elf/5.3.0/../../../../../H-x86_64-mingw32/nios2-elf/lib\libsmallc.a(lib_a-int_errno.o)
                0x0000000014004d68                errno
 *(.sbss2 .sbss2.* .gnu.linkonce.sb2.*)
 *(.scommon)
                [!provide]                        PROVIDE (__sbss_end, ABSOLUTE (.))
                [!provide]                        PROVIDE (___sbss_end, ABSOLUTE (.))
 *(.dynbss)
 *(.bss .bss.* .gnu.linkonce.b.*)
 .bss           0x0000000014004d6c        0x0 ../worker2_bsp//obj/HAL/src/crt0.o
 .bss           0x0000000014004d6c        0x0 obj/default/ringbuf.o
 .bss           0x0000000014004d6c        0x0 obj/default/worker2.o
 .bss           0x0000000014004d6c        0x0 c:/intelfpga_lite/17.0/nios2eds/bin/gnu/h-x86_64-mingw32/bin/../lib/gcc/nios2-elf/5.3.0/../../../../../H-x86_64-mingw32/nios2-elf/lib\libsmallc.a(lib_a-memcpy.o)
 .bss           0x0000000014004d6c        0x0 c:/intelfpga_lite/17.0/nios2eds/bin/gnu/h-x86_64-mingw32/bin/../lib/gcc/nios2-elf/5.3.0/../../../../../H-x86_64-mingw32/nios2-elf/lib\libsmallc.a(lib_a-memset.o)
 .bss           0x0000000014004d6c        0x0 ../worker2_bsp/\libhal_bsp.a(alt_load.o)
 .bss           0x0000000014004d6c        0x0 ../worker2_bsp/\libhal_bsp.a(alt_main.o)
 .bss           0x0000000014004d6c        0x0 ../worker2_bsp/\libhal_bsp.a(alt_usleep.o)
 .bss           0x0000000014004d6c        0x0 ../worker2_bsp/\libhal_bsp.a(alt_sys_init.o)
 .bss           0x0000000014004d6c        0x0 ../worker2_bsp/\libhal_bsp.a(altera_avalon_fifo_util.o)
 .bss           0x0000000014004d6c        0x0 ../worker2_bsp/\libhal_bsp.a(altera_avalon_mutex.o)
 .bss           0x0000000014004d6c        0x0 ../worker2_bsp/\libhal_bsp.a(alt_busy_sleep.o)
 .bss           0x0000000014004d6c        0x0 ../worker2_bsp/\libhal_bsp.a(alt_dcache_flush_all.o)
 .bss           0x0000000014004d6c        0x0 ../worker2_bsp/\libhal_bsp.a(alt_dev_llist_insert.o)
 .bss           0x0000000014004d6c        0x0 ../worker2_bsp/\libhal_bsp.a(alt_errno.o)
 .bss           0x0000000014004d6c        0x0 ../worker2_bsp/\libhal_bsp.a(alt_find_dev.o)
 .bss           0x0000000014004d6c        0x0 ../worker2_bsp/\libhal_bsp.a(alt_icache_flush_all.o)
 .bss           0x0000000014004d6c        0x0 ../worker2_bsp/\libhal_bsp.a(altera_nios2_gen2_irq.o)
 .bss           0x0000000014004d6c        0x0 ../worker2_bsp/\libhal_bsp.a(alt_icache_flush.o)
 .bss           0x0000000014004d6c        0x0 c:/intelfpga_lite/17.0/nios2eds/bin/gnu/h-x86_64-mingw32/bin/../lib/gcc/nios2-elf/5.3.0/../../../../../H-x86_64-mingw32/nios2-elf/lib\libsmallc.a(lib_a-int_errno.o)
 .bss           0x0000000014004d6c        0x0 c:/intelfpga_lite/17.0/nios2eds/bin/gnu/h-x86_64-mingw32/bin/../lib/gcc/nios2-elf/5.3.0/../../../../../H-x86_64-mingw32/nios2-elf/lib\libsmallc.a(lib_a-memcmp.o)
 .bss           0x0000000014004d6c        0x0 c:/intelfpga_lite/17.0/nios2eds/bin/gnu/h-x86_64-mingw32/bin/../lib/gcc/nios2-elf/5.3.0/../../../../../H-x86_64-mingw32/nios2-elf/lib\libsmallc.a(lib_a-strlen.o)
 .bss           0x0000000014004d6c        0x0 c:/intelfpga_lite/17.0/nios2eds/bin/gnu/h-x86_64-mingw32/bin/../lib/gcc/nios2-elf/5.3.0\libgcc.a(lib2-divmod.o)
 *(COMMON)
                0x0000000014004d6c                . = ALIGN (0x4)
                0x0000000014004d6c                __bss_end = ABSOLUTE (.)

.shared_ocm     0x0000000010001000        0x0 load address 0x0000000014004d6c
                [!provide]                        PROVIDE (_alt_partition_shared_ocm_start, ABSOLUTE (.))
 *(.shared_ocm .shared_ocm. shared_ocm.*)
                0x0000000010001000                . = ALIGN (0x4)
                [!provide]                        PROVIDE (_alt_partition_shared_ocm_end, ABSOLUTE (.))
                [!provide]                        PROVIDE (_alt_partition_shared_ocm_load_addr, LOADADDR (.shared_ocm))

.sdram          0x0000000014004d6c        0x0
                [!provide]                        PROVIDE (_alt_partition_sdram_start, ABSOLUTE (.))
 *(.sdram .sdram. sdram.*)
                0x0000000014004d6c                . = ALIGN (0x4)
                [!provide]                        PROVIDE (_alt_partition_sdram_end, ABSOLUTE (.))
                0x0000000014004d6c                _end = ABSOLUTE (.)
                0x0000000014004d6c                end = ABSOLUTE (.)
                0x0000000014004d6c                __alt_stack_base = ABSOLUTE (.)
                [!provide]                        PROVIDE (_alt_partition_sdram_load_addr, LOADADDR (.sdram))

.stab
 *(.stab)

.stabstr
 *(.stabstr)

.stab.excl
 *(.stab.excl)

.stab.exclstr
 *(.stab.exclstr)

.stab.index
 *(.stab.index)

.stab.indexstr
 *(.stab.indexstr)

.comment        0x0000000000000000       0x23
 *(.comment)
 .comment       0x0000000000000000       0x23 obj/default/ringbuf.o
                                         0x24 (size before relaxing)
 .comment       0x0000000000000023       0x24 obj/default/worker2.o
 .comment       0x0000000000000023       0x24 c:/intelfpga_lite/17.0/nios2eds/bin/gnu/h-x86_64-mingw32/bin/../lib/gcc/nios2-elf/5.3.0/../../../../../H-x86_64-mingw32/nios2-elf/lib\libsmallc.a(lib_a-memcpy.o)
 .comment       0x0000000000000023       0x24 c:/intelfpga_lite/17.0/nios2eds/bin/gnu/h-x86_64-mingw32/bin/../lib/gcc/nios2-elf/5.3.0/../../../../../H-x86_64-mingw32/nios2-elf/lib\libsmallc.a(lib_a-memset.o)
 .comment       0x0000000000000023       0x24 ../worker2_bsp/\libhal_bsp.a(alt_load.o)
 .comment       0x0000000000000023       0x24 ../worker2_bsp/\libhal_bsp.a(alt_main.o)
 .comment       0x0000000000000023       0x24 ../worker2_bsp/\libhal_bsp.a(alt_usleep.o)
 .comment       0x0000000000000023       0x24 ../worker2_bsp/\libhal_bsp.a(alt_sys_init.o)
 .comment       0x0000000000000023       0x24 ../worker2_bsp/\libhal_bsp.a(altera_avalon_fifo_util.o)
 .comment       0x0000000000000023       0x24 ../worker2_bsp/\libhal_bsp.a(altera_avalon_mutex.o)
 .comment       0x0000000000000023       0x24 ../worker2_bsp/\libhal_bsp.a(alt_busy_sleep.o)
 .comment       0x0000000000000023       0x24 ../worker2_bsp/\libhal_bsp.a(alt_dcache_flush_all.o)
 .comment       0x0000000000000023       0x24 ../worker2_bsp/\libhal_bsp.a(alt_dev_llist_insert.o)
 .comment       0x0000000000000023       0x24 ../worker2_bsp/\libhal_bsp.a(alt_errno.o)
 .comment       0x0000000000000023       0x24 ../worker2_bsp/\libhal_bsp.a(alt_find_dev.o)
 .comment       0x0000000000000023       0x24 ../worker2_bsp/\libhal_bsp.a(alt_icache_flush_all.o)
 .comment       0x0000000000000023       0x24 ../worker2_bsp/\libhal_bsp.a(altera_nios2_gen2_irq.o)
 .comment       0x0000000000000023       0x24 ../worker2_bsp/\libhal_bsp.a(alt_icache_flush.o)
 .comment       0x0000000000000023       0x24 c:/intelfpga_lite/17.0/nios2eds/bin/gnu/h-x86_64-mingw32/bin/../lib/gcc/nios2-elf/5.3.0/../../../../../H-x86_64-mingw32/nios2-elf/lib\libsmallc.a(lib_a-int_errno.o)
 .comment       0x0000000000000023       0x24 c:/intelfpga_lite/17.0/nios2eds/bin/gnu/h-x86_64-mingw32/bin/../lib/gcc/nios2-elf/5.3.0/../../../../../H-x86_64-mingw32/nios2-elf/lib\libsmallc.a(lib_a-memcmp.o)
 .comment       0x0000000000000023       0x24 c:/intelfpga_lite/17.0/nios2eds/bin/gnu/h-x86_64-mingw32/bin/../lib/gcc/nios2-elf/5.3.0/../../../../../H-x86_64-mingw32/nios2-elf/lib\libsmallc.a(lib_a-strlen.o)
 .comment       0x0000000000000023       0x24 c:/intelfpga_lite/17.0/nios2eds/bin/gnu/h-x86_64-mingw32/bin/../lib/gcc/nios2-elf/5.3.0\libgcc.a(lib2-divmod.o)

.debug
 *(.debug)

.line
 *(.line)

.debug_srcinfo
 *(.debug_srcinfo)

.debug_sfnames
 *(.debug_sfnames)

.debug_aranges  0x0000000000000000      0x2e0
 *(.debug_aranges)
 .debug_aranges
                0x0000000000000000       0x28 ../worker2_bsp//obj/HAL/src/crt0.o
 .debug_aranges
                0x0000000000000028       0x20 obj/default/ringbuf.o
 .debug_aranges
                0x0000000000000048       0x28 obj/default/worker2.o
 .debug_aranges
                0x0000000000000070       0x20 c:/intelfpga_lite/17.0/nios2eds/bin/gnu/h-x86_64-mingw32/bin/../lib/gcc/nios2-elf/5.3.0/../../../../../H-x86_64-mingw32/nios2-elf/lib\libsmallc.a(lib_a-memcpy.o)
 .debug_aranges
                0x0000000000000090       0x20 c:/intelfpga_lite/17.0/nios2eds/bin/gnu/h-x86_64-mingw32/bin/../lib/gcc/nios2-elf/5.3.0/../../../../../H-x86_64-mingw32/nios2-elf/lib\libsmallc.a(lib_a-memset.o)
 .debug_aranges
                0x00000000000000b0       0x20 ../worker2_bsp/\libhal_bsp.a(alt_load.o)
 .debug_aranges
                0x00000000000000d0       0x20 ../worker2_bsp/\libhal_bsp.a(alt_main.o)
 .debug_aranges
                0x00000000000000f0       0x20 ../worker2_bsp/\libhal_bsp.a(alt_usleep.o)
 .debug_aranges
                0x0000000000000110       0x20 ../worker2_bsp/\libhal_bsp.a(alt_sys_init.o)
 .debug_aranges
                0x0000000000000130       0x20 ../worker2_bsp/\libhal_bsp.a(altera_avalon_fifo_util.o)
 .debug_aranges
                0x0000000000000150       0x20 ../worker2_bsp/\libhal_bsp.a(altera_avalon_mutex.o)
 .debug_aranges
                0x0000000000000170       0x20 ../worker2_bsp/\libhal_bsp.a(alt_busy_sleep.o)
 .debug_aranges
                0x0000000000000190       0x20 ../worker2_bsp/\libhal_bsp.a(alt_dcache_flush_all.o)
 .debug_aranges
                0x00000000000001b0       0x20 ../worker2_bsp/\libhal_bsp.a(alt_dev_llist_insert.o)
 .debug_aranges
                0x00000000000001d0       0x18 ../worker2_bsp/\libhal_bsp.a(alt_errno.o)
 .debug_aranges
                0x00000000000001e8       0x20 ../worker2_bsp/\libhal_bsp.a(alt_find_dev.o)
 .debug_aranges
                0x0000000000000208       0x20 ../worker2_bsp/\libhal_bsp.a(alt_icache_flush_all.o)
 .debug_aranges
                0x0000000000000228       0x20 ../worker2_bsp/\libhal_bsp.a(altera_nios2_gen2_irq.o)
 .debug_aranges
                0x0000000000000248       0x20 ../worker2_bsp/\libhal_bsp.a(alt_icache_flush.o)
 .debug_aranges
                0x0000000000000268       0x18 c:/intelfpga_lite/17.0/nios2eds/bin/gnu/h-x86_64-mingw32/bin/../lib/gcc/nios2-elf/5.3.0/../../../../../H-x86_64-mingw32/nios2-elf/lib\libsmallc.a(lib_a-int_errno.o)
 .debug_aranges
                0x0000000000000280       0x20 c:/intelfpga_lite/17.0/nios2eds/bin/gnu/h-x86_64-mingw32/bin/../lib/gcc/nios2-elf/5.3.0/../../../../../H-x86_64-mingw32/nios2-elf/lib\libsmallc.a(lib_a-memcmp.o)
 .debug_aranges
                0x00000000000002a0       0x20 c:/intelfpga_lite/17.0/nios2eds/bin/gnu/h-x86_64-mingw32/bin/../lib/gcc/nios2-elf/5.3.0/../../../../../H-x86_64-mingw32/nios2-elf/lib\libsmallc.a(lib_a-strlen.o)
 .debug_aranges
                0x00000000000002c0       0x20 c:/intelfpga_lite/17.0/nios2eds/bin/gnu/h-x86_64-mingw32/bin/../lib/gcc/nios2-elf/5.3.0\libgcc.a(lib2-divmod.o)

.debug_pubnames
 *(.debug_pubnames)

.debug_info     0x0000000000000000     0x29ad
 *(.debug_info .gnu.linkonce.wi.*)
 .debug_info    0x0000000000000000       0x6d ../worker2_bsp//obj/HAL/src/crt0.o
 .debug_info    0x000000000000006d      0x272 obj/default/ringbuf.o
 .debug_info    0x00000000000002df      0x61a obj/default/worker2.o
 .debug_info    0x00000000000008f9      0x119 c:/intelfpga_lite/17.0/nios2eds/bin/gnu/h-x86_64-mingw32/bin/../lib/gcc/nios2-elf/5.3.0/../../../../../H-x86_64-mingw32/nios2-elf/lib\libsmallc.a(lib_a-memcpy.o)
 .debug_info    0x0000000000000a12       0xdc c:/intelfpga_lite/17.0/nios2eds/bin/gnu/h-x86_64-mingw32/bin/../lib/gcc/nios2-elf/5.3.0/../../../../../H-x86_64-mingw32/nios2-elf/lib\libsmallc.a(lib_a-memset.o)
 .debug_info    0x0000000000000aee      0x1c9 ../worker2_bsp/\libhal_bsp.a(alt_load.o)
 .debug_info    0x0000000000000cb7      0x169 ../worker2_bsp/\libhal_bsp.a(alt_main.o)
 .debug_info    0x0000000000000e20       0xd1 ../worker2_bsp/\libhal_bsp.a(alt_usleep.o)
 .debug_info    0x0000000000000ef1      0x2d0 ../worker2_bsp/\libhal_bsp.a(alt_sys_init.o)
 .debug_info    0x00000000000011c1      0x576 ../worker2_bsp/\libhal_bsp.a(altera_avalon_fifo_util.o)
 .debug_info    0x0000000000001737      0x43d ../worker2_bsp/\libhal_bsp.a(altera_avalon_mutex.o)
 .debug_info    0x0000000000001b74       0xd8 ../worker2_bsp/\libhal_bsp.a(alt_busy_sleep.o)
 .debug_info    0x0000000000001c4c       0xa6 ../worker2_bsp/\libhal_bsp.a(alt_dcache_flush_all.o)
 .debug_info    0x0000000000001cf2      0x1b3 ../worker2_bsp/\libhal_bsp.a(alt_dev_llist_insert.o)
 .debug_info    0x0000000000001ea5       0xa6 ../worker2_bsp/\libhal_bsp.a(alt_errno.o)
 .debug_info    0x0000000000001f4b      0x32d ../worker2_bsp/\libhal_bsp.a(alt_find_dev.o)
 .debug_info    0x0000000000002278       0xb8 ../worker2_bsp/\libhal_bsp.a(alt_icache_flush_all.o)
 .debug_info    0x0000000000002330       0x92 ../worker2_bsp/\libhal_bsp.a(altera_nios2_gen2_irq.o)
 .debug_info    0x00000000000023c2       0xde ../worker2_bsp/\libhal_bsp.a(alt_icache_flush.o)
 .debug_info    0x00000000000024a0       0x8a c:/intelfpga_lite/17.0/nios2eds/bin/gnu/h-x86_64-mingw32/bin/../lib/gcc/nios2-elf/5.3.0/../../../../../H-x86_64-mingw32/nios2-elf/lib\libsmallc.a(lib_a-int_errno.o)
 .debug_info    0x000000000000252a       0xf4 c:/intelfpga_lite/17.0/nios2eds/bin/gnu/h-x86_64-mingw32/bin/../lib/gcc/nios2-elf/5.3.0/../../../../../H-x86_64-mingw32/nios2-elf/lib\libsmallc.a(lib_a-memcmp.o)
 .debug_info    0x000000000000261e       0xc9 c:/intelfpga_lite/17.0/nios2eds/bin/gnu/h-x86_64-mingw32/bin/../lib/gcc/nios2-elf/5.3.0/../../../../../H-x86_64-mingw32/nios2-elf/lib\libsmallc.a(lib_a-strlen.o)
 .debug_info    0x00000000000026e7      0x2c6 c:/intelfpga_lite/17.0/nios2eds/bin/gnu/h-x86_64-mingw32/bin/../lib/gcc/nios2-elf/5.3.0\libgcc.a(lib2-divmod.o)

.debug_abbrev   0x0000000000000000     0x12b9
 *(.debug_abbrev)
 .debug_abbrev  0x0000000000000000       0x12 ../worker2_bsp//obj/HAL/src/crt0.o
 .debug_abbrev  0x0000000000000012      0x123 obj/default/ringbuf.o
 .debug_abbrev  0x0000000000000135      0x202 obj/default/worker2.o
 .debug_abbrev  0x0000000000000337       0x9c c:/intelfpga_lite/17.0/nios2eds/bin/gnu/h-x86_64-mingw32/bin/../lib/gcc/nios2-elf/5.3.0/../../../../../H-x86_64-mingw32/nios2-elf/lib\libsmallc.a(lib_a-memcpy.o)
 .debug_abbrev  0x00000000000003d3       0x8e c:/intelfpga_lite/17.0/nios2eds/bin/gnu/h-x86_64-mingw32/bin/../lib/gcc/nios2-elf/5.3.0/../../../../../H-x86_64-mingw32/nios2-elf/lib\libsmallc.a(lib_a-memset.o)
 .debug_abbrev  0x0000000000000461       0xd8 ../worker2_bsp/\libhal_bsp.a(alt_load.o)
 .debug_abbrev  0x0000000000000539       0xee ../worker2_bsp/\libhal_bsp.a(alt_main.o)
 .debug_abbrev  0x0000000000000627       0x8d ../worker2_bsp/\libhal_bsp.a(alt_usleep.o)
 .debug_abbrev  0x00000000000006b4      0x1a9 ../worker2_bsp/\libhal_bsp.a(alt_sys_init.o)
 .debug_abbrev  0x000000000000085d      0x12d ../worker2_bsp/\libhal_bsp.a(altera_avalon_fifo_util.o)
 .debug_abbrev  0x000000000000098a      0x21e ../worker2_bsp/\libhal_bsp.a(altera_avalon_mutex.o)
 .debug_abbrev  0x0000000000000ba8       0x8d ../worker2_bsp/\libhal_bsp.a(alt_busy_sleep.o)
 .debug_abbrev  0x0000000000000c35       0x5a ../worker2_bsp/\libhal_bsp.a(alt_dcache_flush_all.o)
 .debug_abbrev  0x0000000000000c8f      0x11c ../worker2_bsp/\libhal_bsp.a(alt_dev_llist_insert.o)
 .debug_abbrev  0x0000000000000dab       0x5a ../worker2_bsp/\libhal_bsp.a(alt_errno.o)
 .debug_abbrev  0x0000000000000e05      0x125 ../worker2_bsp/\libhal_bsp.a(alt_find_dev.o)
 .debug_abbrev  0x0000000000000f2a       0x6f ../worker2_bsp/\libhal_bsp.a(alt_icache_flush_all.o)
 .debug_abbrev  0x0000000000000f99       0x42 ../worker2_bsp/\libhal_bsp.a(altera_nios2_gen2_irq.o)
 .debug_abbrev  0x0000000000000fdb       0x9b ../worker2_bsp/\libhal_bsp.a(alt_icache_flush.o)
 .debug_abbrev  0x0000000000001076       0x37 c:/intelfpga_lite/17.0/nios2eds/bin/gnu/h-x86_64-mingw32/bin/../lib/gcc/nios2-elf/5.3.0/../../../../../H-x86_64-mingw32/nios2-elf/lib\libsmallc.a(lib_a-int_errno.o)
 .debug_abbrev  0x00000000000010ad       0x7f c:/intelfpga_lite/17.0/nios2eds/bin/gnu/h-x86_64-mingw32/bin/../lib/gcc/nios2-elf/5.3.0/../../../../../H-x86_64-mingw32/nios2-elf/lib\libsmallc.a(lib_a-memcmp.o)
 .debug_abbrev  0x000000000000112c       0x7f c:/intelfpga_lite/17.0/nios2eds/bin/gnu/h-x86_64-mingw32/bin/../lib/gcc/nios2-elf/5.3.0/../../../../../H-x86_64-mingw32/nios2-elf/lib\libsmallc.a(lib_a-strlen.o)
 .debug_abbrev  0x00000000000011ab      0x10e c:/intelfpga_lite/17.0/nios2eds/bin/gnu/h-x86_64-mingw32/bin/../lib/gcc/nios2-elf/5.3.0\libgcc.a(lib2-divmod.o)

.debug_line     0x0000000000000000     0x157a
 *(.debug_line)
 .debug_line    0x0000000000000000       0x72 ../worker2_bsp//obj/HAL/src/crt0.o
 .debug_line    0x0000000000000072      0x133 obj/default/ringbuf.o
 .debug_line    0x00000000000001a5      0x2ae obj/default/worker2.o
 .debug_line    0x0000000000000453      0x15b c:/intelfpga_lite/17.0/nios2eds/bin/gnu/h-x86_64-mingw32/bin/../lib/gcc/nios2-elf/5.3.0/../../../../../H-x86_64-mingw32/nios2-elf/lib\libsmallc.a(lib_a-memcpy.o)
 .debug_line    0x00000000000005ae      0x15a c:/intelfpga_lite/17.0/nios2eds/bin/gnu/h-x86_64-mingw32/bin/../lib/gcc/nios2-elf/5.3.0/../../../../../H-x86_64-mingw32/nios2-elf/lib\libsmallc.a(lib_a-memset.o)
 .debug_line    0x0000000000000708       0xa4 ../worker2_bsp/\libhal_bsp.a(alt_load.o)
 .debug_line    0x00000000000007ac       0xbd ../worker2_bsp/\libhal_bsp.a(alt_main.o)
 .debug_line    0x0000000000000869       0xcf ../worker2_bsp/\libhal_bsp.a(alt_usleep.o)
 .debug_line    0x0000000000000938      0x15d ../worker2_bsp/\libhal_bsp.a(alt_sys_init.o)
 .debug_line    0x0000000000000a95      0x109 ../worker2_bsp/\libhal_bsp.a(altera_avalon_fifo_util.o)
 .debug_line    0x0000000000000b9e      0x150 ../worker2_bsp/\libhal_bsp.a(altera_avalon_mutex.o)
 .debug_line    0x0000000000000cee       0xb3 ../worker2_bsp/\libhal_bsp.a(alt_busy_sleep.o)
 .debug_line    0x0000000000000da1       0x5a ../worker2_bsp/\libhal_bsp.a(alt_dcache_flush_all.o)
 .debug_line    0x0000000000000dfb       0xd8 ../worker2_bsp/\libhal_bsp.a(alt_dev_llist_insert.o)
 .debug_line    0x0000000000000ed3       0x51 ../worker2_bsp/\libhal_bsp.a(alt_errno.o)
 .debug_line    0x0000000000000f24      0x107 ../worker2_bsp/\libhal_bsp.a(alt_find_dev.o)
 .debug_line    0x000000000000102b       0x6e ../worker2_bsp/\libhal_bsp.a(alt_icache_flush_all.o)
 .debug_line    0x0000000000001099       0x50 ../worker2_bsp/\libhal_bsp.a(altera_nios2_gen2_irq.o)
 .debug_line    0x00000000000010e9       0x7d ../worker2_bsp/\libhal_bsp.a(alt_icache_flush.o)
 .debug_line    0x0000000000001166       0x5c c:/intelfpga_lite/17.0/nios2eds/bin/gnu/h-x86_64-mingw32/bin/../lib/gcc/nios2-elf/5.3.0/../../../../../H-x86_64-mingw32/nios2-elf/lib\libsmallc.a(lib_a-int_errno.o)
 .debug_line    0x00000000000011c2      0x15d c:/intelfpga_lite/17.0/nios2eds/bin/gnu/h-x86_64-mingw32/bin/../lib/gcc/nios2-elf/5.3.0/../../../../../H-x86_64-mingw32/nios2-elf/lib\libsmallc.a(lib_a-memcmp.o)
 .debug_line    0x000000000000131f      0x159 c:/intelfpga_lite/17.0/nios2eds/bin/gnu/h-x86_64-mingw32/bin/../lib/gcc/nios2-elf/5.3.0/../../../../../H-x86_64-mingw32/nios2-elf/lib\libsmallc.a(lib_a-strlen.o)
 .debug_line    0x0000000000001478      0x102 c:/intelfpga_lite/17.0/nios2eds/bin/gnu/h-x86_64-mingw32/bin/../lib/gcc/nios2-elf/5.3.0\libgcc.a(lib2-divmod.o)

.debug_frame    0x0000000000000000      0x520
 *(.debug_frame)
 .debug_frame   0x0000000000000000       0x68 obj/default/ringbuf.o
 .debug_frame   0x0000000000000068       0x48 obj/default/worker2.o
 .debug_frame   0x00000000000000b0       0x20 c:/intelfpga_lite/17.0/nios2eds/bin/gnu/h-x86_64-mingw32/bin/../lib/gcc/nios2-elf/5.3.0/../../../../../H-x86_64-mingw32/nios2-elf/lib\libsmallc.a(lib_a-memcpy.o)
 .debug_frame   0x00000000000000d0       0x20 c:/intelfpga_lite/17.0/nios2eds/bin/gnu/h-x86_64-mingw32/bin/../lib/gcc/nios2-elf/5.3.0/../../../../../H-x86_64-mingw32/nios2-elf/lib\libsmallc.a(lib_a-memset.o)
 .debug_frame   0x00000000000000f0       0x30 ../worker2_bsp/\libhal_bsp.a(alt_load.o)
 .debug_frame   0x0000000000000120       0x2c ../worker2_bsp/\libhal_bsp.a(alt_main.o)
 .debug_frame   0x000000000000014c       0x20 ../worker2_bsp/\libhal_bsp.a(alt_usleep.o)
 .debug_frame   0x000000000000016c       0x3c ../worker2_bsp/\libhal_bsp.a(alt_sys_init.o)
 .debug_frame   0x00000000000001a8      0x140 ../worker2_bsp/\libhal_bsp.a(altera_avalon_fifo_util.o)
 .debug_frame   0x00000000000002e8       0x90 ../worker2_bsp/\libhal_bsp.a(altera_avalon_mutex.o)
 .debug_frame   0x0000000000000378       0x30 ../worker2_bsp/\libhal_bsp.a(alt_busy_sleep.o)
 .debug_frame   0x00000000000003a8       0x20 ../worker2_bsp/\libhal_bsp.a(alt_dcache_flush_all.o)
 .debug_frame   0x00000000000003c8       0x2c ../worker2_bsp/\libhal_bsp.a(alt_dev_llist_insert.o)
 .debug_frame   0x00000000000003f4       0x3c ../worker2_bsp/\libhal_bsp.a(alt_find_dev.o)
 .debug_frame   0x0000000000000430       0x20 ../worker2_bsp/\libhal_bsp.a(alt_icache_flush_all.o)
 .debug_frame   0x0000000000000450       0x20 ../worker2_bsp/\libhal_bsp.a(altera_nios2_gen2_irq.o)
 .debug_frame   0x0000000000000470       0x20 ../worker2_bsp/\libhal_bsp.a(alt_icache_flush.o)
 .debug_frame   0x0000000000000490       0x20 c:/intelfpga_lite/17.0/nios2eds/bin/gnu/h-x86_64-mingw32/bin/../lib/gcc/nios2-elf/5.3.0/../../../../../H-x86_64-mingw32/nios2-elf/lib\libsmallc.a(lib_a-memcmp.o)
 .debug_frame   0x00000000000004b0       0x20 c:/intelfpga_lite/17.0/nios2eds/bin/gnu/h-x86_64-mingw32/bin/../lib/gcc/nios2-elf/5.3.0/../../../../../H-x86_64-mingw32/nios2-elf/lib\libsmallc.a(lib_a-strlen.o)
 .debug_frame   0x00000000000004d0       0x50 c:/intelfpga_lite/17.0/nios2eds/bin/gnu/h-x86_64-mingw32/bin/../lib/gcc/nios2-elf/5.3.0\libgcc.a(lib2-divmod.o)

.debug_str      0x0000000000000000      0xf03
 *(.debug_str)
 .debug_str     0x0000000000000000      0x1c0 obj/default/ringbuf.o
                                        0x20c (size before relaxing)
 .debug_str     0x00000000000001c0      0x1a5 obj/default/worker2.o
                                        0x377 (size before relaxing)
 .debug_str     0x0000000000000365      0x134 c:/intelfpga_lite/17.0/nios2eds/bin/gnu/h-x86_64-mingw32/bin/../lib/gcc/nios2-elf/5.3.0/../../../../../H-x86_64-mingw32/nios2-elf/lib\libsmallc.a(lib_a-memcpy.o)
                                        0x1d9 (size before relaxing)
 .debug_str     0x0000000000000499       0x3a c:/intelfpga_lite/17.0/nios2eds/bin/gnu/h-x86_64-mingw32/bin/../lib/gcc/nios2-elf/5.3.0/../../../../../H-x86_64-mingw32/nios2-elf/lib\libsmallc.a(lib_a-memset.o)
                                        0x1c5 (size before relaxing)
 .debug_str     0x00000000000004d3      0x154 ../worker2_bsp/\libhal_bsp.a(alt_load.o)
                                        0x238 (size before relaxing)
 .debug_str     0x0000000000000627       0x5e ../worker2_bsp/\libhal_bsp.a(alt_main.o)
                                        0x1b1 (size before relaxing)
 .debug_str     0x0000000000000685       0x2f ../worker2_bsp/\libhal_bsp.a(alt_usleep.o)
                                        0x153 (size before relaxing)
 .debug_str     0x00000000000006b4       0xf6 ../worker2_bsp/\libhal_bsp.a(alt_sys_init.o)
                                        0x2c1 (size before relaxing)
 .debug_str     0x00000000000007aa      0x264 ../worker2_bsp/\libhal_bsp.a(altera_avalon_fifo_util.o)
                                        0x3e4 (size before relaxing)
 .debug_str     0x0000000000000a0e       0xcf ../worker2_bsp/\libhal_bsp.a(altera_avalon_mutex.o)
                                        0x2da (size before relaxing)
 .debug_str     0x0000000000000add       0x33 ../worker2_bsp/\libhal_bsp.a(alt_busy_sleep.o)
                                        0x167 (size before relaxing)
 .debug_str     0x0000000000000b10       0x1f ../worker2_bsp/\libhal_bsp.a(alt_dcache_flush_all.o)
                                        0x151 (size before relaxing)
 .debug_str     0x0000000000000b2f       0x36 ../worker2_bsp/\libhal_bsp.a(alt_dev_llist_insert.o)
                                        0x1c8 (size before relaxing)
 .debug_str     0x0000000000000b65       0x14 ../worker2_bsp/\libhal_bsp.a(alt_errno.o)
                                        0x141 (size before relaxing)
 .debug_str     0x0000000000000b79       0x79 ../worker2_bsp/\libhal_bsp.a(alt_find_dev.o)
                                        0x1f6 (size before relaxing)
 .debug_str     0x0000000000000bf2       0x30 ../worker2_bsp/\libhal_bsp.a(alt_icache_flush_all.o)
                                        0x162 (size before relaxing)
 .debug_str     0x0000000000000c22       0x20 ../worker2_bsp/\libhal_bsp.a(altera_nios2_gen2_irq.o)
                                        0x158 (size before relaxing)
 .debug_str     0x0000000000000c42       0x1b ../worker2_bsp/\libhal_bsp.a(alt_icache_flush.o)
                                        0x157 (size before relaxing)
 .debug_str     0x0000000000000c5d       0xc5 c:/intelfpga_lite/17.0/nios2eds/bin/gnu/h-x86_64-mingw32/bin/../lib/gcc/nios2-elf/5.3.0/../../../../../H-x86_64-mingw32/nios2-elf/lib\libsmallc.a(lib_a-int_errno.o)
                                        0x1be (size before relaxing)
 .debug_str     0x0000000000000d22       0x3a c:/intelfpga_lite/17.0/nios2eds/bin/gnu/h-x86_64-mingw32/bin/../lib/gcc/nios2-elf/5.3.0/../../../../../H-x86_64-mingw32/nios2-elf/lib\libsmallc.a(lib_a-memcmp.o)
                                        0x1c5 (size before relaxing)
 .debug_str     0x0000000000000d5c       0x3a c:/intelfpga_lite/17.0/nios2eds/bin/gnu/h-x86_64-mingw32/bin/../lib/gcc/nios2-elf/5.3.0/../../../../../H-x86_64-mingw32/nios2-elf/lib\libsmallc.a(lib_a-strlen.o)
                                        0x1cb (size before relaxing)
 .debug_str     0x0000000000000d96      0x16d c:/intelfpga_lite/17.0/nios2eds/bin/gnu/h-x86_64-mingw32/bin/../lib/gcc/nios2-elf/5.3.0\libgcc.a(lib2-divmod.o)
                                        0x1b8 (size before relaxing)

.debug_loc      0x0000000000000000     0x1018
 *(.debug_loc)
 .debug_loc     0x0000000000000000       0x7f obj/default/ringbuf.o
 .debug_loc     0x000000000000007f      0x23f obj/default/worker2.o
 .debug_loc     0x00000000000002be      0x135 c:/intelfpga_lite/17.0/nios2eds/bin/gnu/h-x86_64-mingw32/bin/../lib/gcc/nios2-elf/5.3.0/../../../../../H-x86_64-mingw32/nios2-elf/lib\libsmallc.a(lib_a-memcpy.o)
 .debug_loc     0x00000000000003f3       0xa5 c:/intelfpga_lite/17.0/nios2eds/bin/gnu/h-x86_64-mingw32/bin/../lib/gcc/nios2-elf/5.3.0/../../../../../H-x86_64-mingw32/nios2-elf/lib\libsmallc.a(lib_a-memset.o)
 .debug_loc     0x0000000000000498       0x21 ../worker2_bsp/\libhal_bsp.a(alt_usleep.o)
 .debug_loc     0x00000000000004b9       0x21 ../worker2_bsp/\libhal_bsp.a(alt_sys_init.o)
 .debug_loc     0x00000000000004da      0x22b ../worker2_bsp/\libhal_bsp.a(altera_avalon_fifo_util.o)
 .debug_loc     0x0000000000000705      0x1b1 ../worker2_bsp/\libhal_bsp.a(altera_avalon_mutex.o)
 .debug_loc     0x00000000000008b6       0x75 ../worker2_bsp/\libhal_bsp.a(alt_busy_sleep.o)
 .debug_loc     0x000000000000092b       0x1f ../worker2_bsp/\libhal_bsp.a(alt_dcache_flush_all.o)
 .debug_loc     0x000000000000094a       0x7e ../worker2_bsp/\libhal_bsp.a(alt_dev_llist_insert.o)
 .debug_loc     0x00000000000009c8       0x7e ../worker2_bsp/\libhal_bsp.a(alt_find_dev.o)
 .debug_loc     0x0000000000000a46       0x52 ../worker2_bsp/\libhal_bsp.a(alt_icache_flush.o)
 .debug_loc     0x0000000000000a98       0x94 c:/intelfpga_lite/17.0/nios2eds/bin/gnu/h-x86_64-mingw32/bin/../lib/gcc/nios2-elf/5.3.0/../../../../../H-x86_64-mingw32/nios2-elf/lib\libsmallc.a(lib_a-memcmp.o)
 .debug_loc     0x0000000000000b2c       0x1e c:/intelfpga_lite/17.0/nios2eds/bin/gnu/h-x86_64-mingw32/bin/../lib/gcc/nios2-elf/5.3.0/../../../../../H-x86_64-mingw32/nios2-elf/lib\libsmallc.a(lib_a-strlen.o)
 .debug_loc     0x0000000000000b4a      0x4ce c:/intelfpga_lite/17.0/nios2eds/bin/gnu/h-x86_64-mingw32/bin/../lib/gcc/nios2-elf/5.3.0\libgcc.a(lib2-divmod.o)

.debug_macinfo
 *(.debug_macinfo)

.debug_weaknames
 *(.debug_weaknames)

.debug_funcnames
 *(.debug_funcnames)

.debug_typenames
 *(.debug_typenames)

.debug_varnames
 *(.debug_varnames)

.debug_alt_sim_info
                0x0000000000000000       0x60
 *(.debug_alt_sim_info)
 .debug_alt_sim_info
                0x0000000000000000       0x30 ../worker2_bsp//obj/HAL/src/crt0.o
 .debug_alt_sim_info
                0x0000000000000030       0x30 ../worker2_bsp/\libhal_bsp.a(alt_busy_sleep.o)
                0x0000000014006000                __alt_data_end = 0x14006000
                0x0000000014006000                PROVIDE (__alt_stack_pointer, __alt_data_end)
                [!provide]                        PROVIDE (__alt_stack_limit, __alt_stack_base)
                [!provide]                        PROVIDE (__alt_heap_start, end)
                [!provide]                        PROVIDE (__alt_heap_limit, 0x14006000)
OUTPUT(worker2.elf elf32-littlenios2)

.debug_ranges   0x0000000000000000      0x1b0
 .debug_ranges  0x0000000000000000       0x20 ../worker2_bsp//obj/HAL/src/crt0.o
 .debug_ranges  0x0000000000000020       0x60 obj/default/worker2.o
 .debug_ranges  0x0000000000000080       0x10 c:/intelfpga_lite/17.0/nios2eds/bin/gnu/h-x86_64-mingw32/bin/../lib/gcc/nios2-elf/5.3.0/../../../../../H-x86_64-mingw32/nios2-elf/lib\libsmallc.a(lib_a-memcpy.o)
 .debug_ranges  0x0000000000000090       0x10 c:/intelfpga_lite/17.0/nios2eds/bin/gnu/h-x86_64-mingw32/bin/../lib/gcc/nios2-elf/5.3.0/../../../../../H-x86_64-mingw32/nios2-elf/lib\libsmallc.a(lib_a-memset.o)
 .debug_ranges  0x00000000000000a0       0x48 ../worker2_bsp/\libhal_bsp.a(alt_load.o)
 .debug_ranges  0x00000000000000e8       0x18 ../worker2_bsp/\libhal_bsp.a(alt_sys_init.o)
 .debug_ranges  0x0000000000000100       0x20 ../worker2_bsp/\libhal_bsp.a(alt_dev_llist_insert.o)
 .debug_ranges  0x0000000000000120       0x10 ../worker2_bsp/\libhal_bsp.a(alt_icache_flush.o)
 .debug_ranges  0x0000000000000130       0x10 c:/intelfpga_lite/17.0/nios2eds/bin/gnu/h-x86_64-mingw32/bin/../lib/gcc/nios2-elf/5.3.0/../../../../../H-x86_64-mingw32/nios2-elf/lib\libsmallc.a(lib_a-memcmp.o)
 .debug_ranges  0x0000000000000140       0x10 c:/intelfpga_lite/17.0/nios2eds/bin/gnu/h-x86_64-mingw32/bin/../lib/gcc/nios2-elf/5.3.0/../../../../../H-x86_64-mingw32/nios2-elf/lib\libsmallc.a(lib_a-strlen.o)
 .debug_ranges  0x0000000000000150       0x60 c:/intelfpga_lite/17.0/nios2eds/bin/gnu/h-x86_64-mingw32/bin/../lib/gcc/nios2-elf/5.3.0\libgcc.a(lib2-divmod.o)
